---
source: crates/clx/src/dashboard/ui/detail.rs
expression: rendered
---
┌ Session Detail: 23456789 ────────────────────────────────────────────────────────────────────────┐
│ Info • Commands • Audit • Snapshots                                                              │
└──────────────────────────────────────────────────────────────────────────────────────────────────┘
┌ Session Detail ──────────────────────────────────────────────────────────────────────────────────┐
│Loading session data...                                                                           │
│                                                                                                  │
│                                                                                                  │
│                                                                                                  │
│                                                                                                  │
│                                                                                                  │
│                                                                                                  │
│                                                                                                  │
│                                                                                                  │
│                                                                                                  │
│                                                                                                  │
│                                                                                                  │
│                                                                                                  │
│                                                                                                  │
│                                                                                                  │
│                                                                                                  │
│                                                                                                  │
│                                                                                                  │
│                                                                                                  │
│                                                                                                  │
│                                                                                                  │
│                                                                                                  │
│                                                                                                  │
│                                                                                                  │
│                                                                                                  │
│                                                                                                  │
│                                                                                                  │
│                                                                                                  │
│                                                                                                  │
│                                                                                                  │
│                                                                                                  │
│                                                                                                  │
│                                                                                                  │
│                                                                                                  │
└──────────────────────────────────────────────────────────────────────────────────────────────────┘
 Tab:switch  j/k:scroll  r:refresh  Esc:back  1-4:tab
