---
source: crates/clx/src/dashboard/ui/detail.rs
expression: rendered
---
┌ Session Detail: 23456789 ────────────────────────────────────────────────────────────────────────┐
│ Info • Commands • Audit • Snapshots                                                              │
└──────────────────────────────────────────────────────────────────────────────────────────────────┘
┌ Snapshots (0) ───────────────────────────────────────────────────────────────────────────────────┐
│#    Created        Trigger            Tokens (in/out)    Messages                                │
│                                                                                                  │
│No s                                                                                              │
│                                                                                                  │
│                                                                                                  │
│                                                                                                  │
│                                                                                                  │
│                                                                                                  │
│                                                                                                  │
│                                                                                                  │
│                                                                                                  │
│                                                                                                  │
│                                                                                                  │
│                                                                                                  │
│                                                                                                  │
│                                                                                                  │
└──────────────────────────────────────────────────────────────────────────────────────────────────┘
┌ Snapshot Detail ─────────────────────────────────────────────────────────────────────────────────┐
│Select a snapshot to view details                                                                 │
│                                                                                                  │
│                                                                                                  │
│                                                                                                  │
│                                                                                                  │
│                                                                                                  │
│                                                                                                  │
│                                                                                                  │
│                                                                                                  │
│                                                                                                  │
│                                                                                                  │
│                                                                                                  │
│                                                                                                  │
│                                                                                                  │
│                                                                                                  │
│                                                                                                  │
└──────────────────────────────────────────────────────────────────────────────────────────────────┘
 Tab:switch  j/k:select  PgUp/Dn  g/G:top/bottom  r:refresh  Esc:back  1-4:tab
