---
source: crates/clx/src/dashboard/ui/mod.rs
expression: rendered
---
┌ CLX Dashboard ───────────────────────────────────────────────────────────────┐
│ Sessions • Audit Log [filter: rm] • Rules • Settings                         │
└──────────────────────────────────────────────────────────────────────────────┘
┌ Audit Log (0) [filter: rm] ──────────────────────────────────────────────────┐
│Time ▼      Decision     Risk     Layer      Command              Session     │
│                                                                              │
│No audit en                                                                   │
│                                                                              │
│                                                                              │
│                                                                              │
│                                                                              │
│                                                                              │
│                                                                              │
│                                                                              │
│                                                                              │
│                                                                              │
└──────────────────────────────────────────────────────────────────────────────┘
┌ Detail ──────────────────────────────────────────────────────────────────────┐
│Select a row to view details                                                  │
│                                                                              │
│                                                                              │
│                                                                              │
└──────────────────────────────────────────────────────────────────────────────┘
 <TIME> | Refresh <N>s | Sessions: 0 | Commands: 0 | Filter: rm | q:quit Tab:swi
