---
source: crates/clx/src/dashboard/ui/audit.rs
expression: rendered
---
┌ Audit Log (1) [filter: GIT] ─────────────────────────────────────────────────────────────────────↑
│Time ▼      Decision     Risk     Layer      Command                                  Session     █
│                                                                                                  █
│09:00:02    prompted     -        layer2     git push --force                         sess0001    █
│                                                                                                  █
│                                                                                                  █
│                                                                                                  █
│                                                                                                  █
│                                                                                                  █
│                                                                                                  █
│                                                                                                  █
│                                                                                                  █
│                                                                                                  █
│                                                                                                  █
│                                                                                                  █
│                                                                                                  █
│                                                                                                  █
│                                                                                                  █
│                                                                                                  █
│                                                                                                  █
└──────────────────────────────────────────────────────────────────────────────────────────────────↓
┌ Detail ──────────────────────────────────────────────────────────────────────────────────────────┐
│Select a row to view details                                                                      │
│                                                                                                  │
│                                                                                                  │
│                                                                                                  │
│                                                                                                  │
│                                                                                                  │
│                                                                                                  │
└──────────────────────────────────────────────────────────────────────────────────────────────────┘
