---
source: crates/clx/src/dashboard/ui/audit.rs
expression: rendered
---
┌ Audit Log (0) [filter: no-such-command-xyz] ─────────────────────────────────────────────────────┐
│Time ▼      Decision     Risk     Layer      Command                                  Session     │
│                                                                                                  │
│No audit en                                                                                       │
│                                                                                                  │
│                                                                                                  │
│                                                                                                  │
│                                                                                                  │
│                                                                                                  │
│                                                                                                  │
│                                                                                                  │
│                                                                                                  │
│                                                                                                  │
│                                                                                                  │
│                                                                                                  │
│                                                                                                  │
│                                                                                                  │
│                                                                                                  │
│                                                                                                  │
│                                                                                                  │
└──────────────────────────────────────────────────────────────────────────────────────────────────┘
┌ Detail ──────────────────────────────────────────────────────────────────────────────────────────┐
│Select a row to view details                                                                      │
│                                                                                                  │
│                                                                                                  │
│                                                                                                  │
│                                                                                                  │
│                                                                                                  │
│                                                                                                  │
└──────────────────────────────────────────────────────────────────────────────────────────────────┘
