---
source: crates/clx/src/dashboard/settings/render.rs
expression: rendered
---
┌ Sections ──────────┐┌ Validator - <CONFIG_PATH>                                                   
│> Validator         ││Field                    Value                      Default                 █
│  Context           ││                                                                            █
│  LLM               ││enabled                  true                       true                    █
│  User Learning     ││layer0_enabled           true                       true                    █
│  Logging           ││layer1_enabled           true                       true                    █
│  Ctx Pressure      ││layer1_timeout_ms        30000                      30000                   █
│  Sess Recovery     ││default_decision         ask                        ask                     █
│  MCP Tools         ││trust_mode               false                      false                   █
│  Auto Recall       ││auto_allow_reads         true                       true                    █
│                    ││                                                                            █
│                    ││                                                                            █
│                    ││                                                                            █
│                    ││                                                                            █
│                    ││                                                                            █
│                    ││                                                                            █
│                    ││                                                                            █
│                    ││ ┌ Unsaved Changes ─────────────────────────────────┐                       █
│                    ││ │You have unsaved changes.                         │                       █
│                    ││ │                                                  │                       █
│                    ││ │[s] Save   [x] Discard   [Esc] Stay               │                       █
│                    ││ └──────────────────────────────────────────────────┘                       █
│                    ││                                                                            █
│                    ││                                                                            █
│                    ││                                                                            █
│                    ││                                                                            █
│                    ││                                                                            █
│                    ││                                                                            █
│                    ││                                                                            █
│                    ││                                                                            █
│                    ││                                                                            █
│                    ││                                                                            █
│                    ││                                                                            █
│                    ││                                                                            █
│                    ││                                                                            ║
│                    ││                                                                            ║
│                    ││                                                                            ║
│                    ││                                                                            ║
│                    ││                                                                            ║
└────────────────────┘└────────────────────────────────────────────────────────────────────────────↓
